<?xml version="1.0" encoding="utf-8"?><testsuites name="pytest tests"><testsuite name="pytest" errors="0" failures="0" skipped="0" tests="4" time="0.012" timestamp="2025-09-28T06:09:30.856466+01:00" hostname="netrunner.local"><testcase classname="tests.test_smoke" name="test_smoke" time="0.000" /><testcase classname="tests.test_smoke" name="test_required_files_exist" time="0.000" /><testcase classname="tests.test_smoke" name="test_json_schemas_valid" time="0.001" /><testcase classname="tests.test_smoke" name="test_makefile_targets" time="0.000" /></testsuite></testsuites>